2025-06-03 13:35:06,789 - INFO - main - main - Using base date: 2025-05-29
2025-06-03 13:35:06,789 - INFO - main - main - Attempting to import flights from CSV: ./a29.csv
2025-06-03 13:35:10,865 - ERROR - database - insert_flights_from_dataframe - Database error inserting flight IRU8783: null value in column "airline" of relation "departures" violates not-null constraint
DETAIL:  Failing row contains (10576, 2025-05-30 10:35:00, null, IRU8783, تهران, طبق برنامه, null, null, null, MD83, 22, f).
. SQL was: 
                                INSERT INTO departures (
                                    scheduled_time, airline, flight_number, destination,
                                    status, counter, actual_time, register,
                                    aircraft, airport_id, is_international
                                ) VALUES ('2025-05-30T10:35:00'::timestamp, NULL, 'IRU8783', 'تهران', 'طبق برنامه', NULL, NULL, NULL, 'MD83', 22, false)
                                ON CONFLICT (flight_number, scheduled_time, airport_id)
                                DO UPDATE SET
                                    status = EXCLUDED.status,
                                    counter = EXCLUDED.counter,
                                    actual_time = EXCLUDED.actual_time,
                                    register = EXCLUDED.register,
                                    aircraft = EXCLUDED.aircraft,
                                    is_international = EXCLUDED.is_international,
                                    destination = EXCLUDED.destination,
                                    airline = EXCLUDED.airline
                            
2025-06-03 13:35:10,865 - ERROR - database - insert_flights_from_csv - Error importing CSV file './a29.csv': null value in column "airline" of relation "departures" violates not-null constraint
DETAIL:  Failing row contains (10576, 2025-05-30 10:35:00, null, IRU8783, تهران, طبق برنامه, null, null, null, MD83, 22, f).
Traceback (most recent call last):
  File "/home/amin/CE/AeroScrape/src/database.py", line 392, in insert_flights_from_csv
    return self.insert_flights_from_dataframe(df, base_date)
           ^^^^^^^^^^^^^^^^^^^^^^^^^^^^^^^^^^^^^^^^^^^^^^^^^
  File "/home/amin/CE/AeroScrape/src/database.py", line 297, in insert_flights_from_dataframe
    cur.execute("""
psycopg2.errors.NotNullViolation: null value in column "airline" of relation "departures" violates not-null constraint
DETAIL:  Failing row contains (10576, 2025-05-30 10:35:00, null, IRU8783, تهران, طبق برنامه, null, null, null, MD83, 22, f).

2025-06-03 13:35:10,866 - INFO - main - main - Successfully inserted/updated 0 flights from CSV file: ./a29.csv
