2025-06-03 13:46:56,455 - INFO - main - main - Using base date: 2025-06-01
2025-06-03 13:46:56,455 - INFO - main - main - Attempting to import flights from CSV: ./a01.csv
2025-06-03 13:47:03,808 - ERROR - database - insert_flights_from_dataframe - Database error inserting flight IRA3397: null value in column "status" of relation "departures" violates not-null constraint
DETAIL:  Failing row contains (15220, 2025-06-01 06:00:00, ایران ایر, IRA3397, جزیره ابوموسی, null, 8-9, null, null, ATR, 8, f).
. SQL was: 
                                INSERT INTO departures (
                                    scheduled_time, airline, flight_number, destination,
                                    status, counter, actual_time, register,
                                    aircraft, airport_id, is_international
                                ) VALUES ('2025-06-01T06:00:00'::timestamp, 'ایران ایر', 'IRA3397', 'جزیره ابوموسی', NULL, '8-9', NULL, NULL, 'ATR', 8, false)
                                ON CONFLICT (flight_number, scheduled_time, airport_id)
                                DO UPDATE SET
                                    status = EXCLUDED.status,
                                    counter = EXCLUDED.counter,
                                    actual_time = EXCLUDED.actual_time,
                                    register = EXCLUDED.register,
                                    aircraft = EXCLUDED.aircraft,
                                    is_international = EXCLUDED.is_international,
                                    destination = EXCLUDED.destination,
                                    airline = EXCLUDED.airline
                            
2025-06-03 13:47:03,808 - ERROR - database - insert_flights_from_csv - Error importing CSV file './a01.csv': null value in column "status" of relation "departures" violates not-null constraint
DETAIL:  Failing row contains (15220, 2025-06-01 06:00:00, ایران ایر, IRA3397, جزیره ابوموسی, null, 8-9, null, null, ATR, 8, f).
Traceback (most recent call last):
  File "/home/amin/CE/AeroScrape/src/database.py", line 392, in insert_flights_from_csv
    return self.insert_flights_from_dataframe(df, base_date)
           ^^^^^^^^^^^^^^^^^^^^^^^^^^^^^^^^^^^^^^^^^^^^^^^^^
  File "/home/amin/CE/AeroScrape/src/database.py", line 297, in insert_flights_from_dataframe
    cur.execute("""
psycopg2.errors.NotNullViolation: null value in column "status" of relation "departures" violates not-null constraint
DETAIL:  Failing row contains (15220, 2025-06-01 06:00:00, ایران ایر, IRA3397, جزیره ابوموسی, null, 8-9, null, null, ATR, 8, f).

2025-06-03 13:47:03,809 - INFO - main - main - Successfully inserted/updated 0 flights from CSV file: ./a01.csv
