2025-06-03 13:31:33,030 - INFO - main - main - Using base date: 2025-05-28
2025-06-03 13:31:33,030 - INFO - main - main - Attempting to import flights from CSV: ./a28-2.csv
2025-06-03 13:31:40,012 - ERROR - database - insert_flights_from_dataframe - Database error inserting flight OIYY9407: null value in column "airline" of relation "arrivals" violates not-null constraint
DETAIL:  Failing row contains (3041, 2025-05-29 15:05:00, null, OIYY9407, تهران, طبق برنامه, null, null, null, null, 6, f).
. SQL was: 
                                INSERT INTO arrivals (
                                    scheduled_time, airline, flight_number, origin,
                                    status, counter, actual_time, register,
                                    aircraft, airport_id, is_international
                                ) VALUES ('2025-05-29T15:05:00'::timestamp, NULL, 'OIYY9407', 'تهران', 'طبق برنامه', NULL, NULL, NULL, NULL, 6, false)
                                ON CONFLICT (flight_number, scheduled_time, airport_id)
                                DO UPDATE SET
                                    status = EXCLUDED.status,
                                    counter = EXCLUDED.counter,
                                    actual_time = EXCLUDED.actual_time,
                                    register = EXCLUDED.register,
                                    aircraft = EXCLUDED.aircraft,
                                    is_international = EXCLUDED.is_international,
                                    origin = EXCLUDED.origin,
                                    airline = EXCLUDED.airline
                            
2025-06-03 13:31:40,013 - ERROR - database - insert_flights_from_csv - Error importing CSV file './a28-2.csv': null value in column "airline" of relation "arrivals" violates not-null constraint
DETAIL:  Failing row contains (3041, 2025-05-29 15:05:00, null, OIYY9407, تهران, طبق برنامه, null, null, null, null, 6, f).
Traceback (most recent call last):
  File "/home/amin/CE/AeroScrape/src/database.py", line 392, in insert_flights_from_csv
    return self.insert_flights_from_dataframe(df, base_date)
           ^^^^^^^^^^^^^^^^^^^^^^^^^^^^^^^^^^^^^^^^^^^^^^^^^
  File "/home/amin/CE/AeroScrape/src/database.py", line 274, in insert_flights_from_dataframe
    cur.execute("""
psycopg2.errors.NotNullViolation: null value in column "airline" of relation "arrivals" violates not-null constraint
DETAIL:  Failing row contains (3041, 2025-05-29 15:05:00, null, OIYY9407, تهران, طبق برنامه, null, null, null, null, 6, f).

2025-06-03 13:31:40,014 - INFO - main - main - Successfully inserted/updated 0 flights from CSV file: ./a28-2.csv
