2025-06-03 13:45:54,567 - INFO - main - main - Using base date: 2025-06-01
2025-06-03 13:45:54,567 - INFO - main - main - Attempting to import flights from CSV: ./a01.csv
2025-06-03 13:46:01,941 - ERROR - database - insert_flights_from_dataframe - Database error inserting flight IRB912: null value in column "status" of relation "arrivals" violates not-null constraint
DETAIL:  Failing row contains (6074, 2025-06-01 20:45:00, ایران ایرتور, IRB912, تهران, null, null, 2025-06-01 00:00:00, null, null, 8, f).
. SQL was: 
                                INSERT INTO arrivals (
                                    scheduled_time, airline, flight_number, origin,
                                    status, counter, actual_time, register,
                                    aircraft, airport_id, is_international
                                ) VALUES ('2025-06-01T20:45:00'::timestamp, 'ایران ایرتور', 'IRB912', 'تهران', NULL, NULL, '2025-06-01T00:00:00'::timestamp, NULL, NULL, 8, false)
                                ON CONFLICT (flight_number, scheduled_time, airport_id)
                                DO UPDATE SET
                                    status = EXCLUDED.status,
                                    counter = EXCLUDED.counter,
                                    actual_time = EXCLUDED.actual_time,
                                    register = EXCLUDED.register,
                                    aircraft = EXCLUDED.aircraft,
                                    is_international = EXCLUDED.is_international,
                                    origin = EXCLUDED.origin,
                                    airline = EXCLUDED.airline
                            
2025-06-03 13:46:01,942 - ERROR - database - insert_flights_from_csv - Error importing CSV file './a01.csv': null value in column "status" of relation "arrivals" violates not-null constraint
DETAIL:  Failing row contains (6074, 2025-06-01 20:45:00, ایران ایرتور, IRB912, تهران, null, null, 2025-06-01 00:00:00, null, null, 8, f).
Traceback (most recent call last):
  File "/home/amin/CE/AeroScrape/src/database.py", line 392, in insert_flights_from_csv
    return self.insert_flights_from_dataframe(df, base_date)
           ^^^^^^^^^^^^^^^^^^^^^^^^^^^^^^^^^^^^^^^^^^^^^^^^^
  File "/home/amin/CE/AeroScrape/src/database.py", line 274, in insert_flights_from_dataframe
    cur.execute("""
psycopg2.errors.NotNullViolation: null value in column "status" of relation "arrivals" violates not-null constraint
DETAIL:  Failing row contains (6074, 2025-06-01 20:45:00, ایران ایرتور, IRB912, تهران, null, null, 2025-06-01 00:00:00, null, null, 8, f).

2025-06-03 13:46:01,943 - INFO - main - main - Successfully inserted/updated 0 flights from CSV file: ./a01.csv
