2025-06-03 13:19:48,641 - INFO - main - main - Using base date: 2025-05-22
2025-06-03 13:19:48,641 - INFO - main - main - Attempting to import flights from CSV: ./a22.csv
2025-06-03 13:19:51,750 - ERROR - database - insert_flights_from_dataframe - Database error inserting flight OIYY9406: null value in column "airline" of relation "departures" violates not-null constraint
DETAIL:  Failing row contains (1076, 2025-05-22 16:00:00, null, OIYY9406, تهران, پروازکرد17:03, 9, 2025-05-22 17:03:00, null, null, 6, f).
. SQL was: 
                                INSERT INTO departures (
                                    scheduled_time, airline, flight_number, destination,
                                    status, counter, actual_time, register,
                                    aircraft, airport_id, is_international
                                ) VALUES ('2025-05-22T16:00:00'::timestamp, NULL, 'OIYY9406', 'تهران', 'پروازکرد17:03', '9', '2025-05-22T17:03:00'::timestamp, NULL, NULL, 6, false)
                                ON CONFLICT (flight_number, scheduled_time, airport_id)
                                DO UPDATE SET
                                    status = EXCLUDED.status,
                                    counter = EXCLUDED.counter,
                                    actual_time = EXCLUDED.actual_time,
                                    register = EXCLUDED.register,
                                    aircraft = EXCLUDED.aircraft,
                                    is_international = EXCLUDED.is_international,
                                    destination = EXCLUDED.destination,
                                    airline = EXCLUDED.airline
                            
2025-06-03 13:19:51,751 - ERROR - database - insert_flights_from_csv - Error importing CSV file './a22.csv': null value in column "airline" of relation "departures" violates not-null constraint
DETAIL:  Failing row contains (1076, 2025-05-22 16:00:00, null, OIYY9406, تهران, پروازکرد17:03, 9, 2025-05-22 17:03:00, null, null, 6, f).
Traceback (most recent call last):
  File "/home/amin/CE/AeroScrape/src/database.py", line 392, in insert_flights_from_csv
    return self.insert_flights_from_dataframe(df, base_date)
           ^^^^^^^^^^^^^^^^^^^^^^^^^^^^^^^^^^^^^^^^^^^^^^^^^
  File "/home/amin/CE/AeroScrape/src/database.py", line 297, in insert_flights_from_dataframe
    cur.execute("""
psycopg2.errors.NotNullViolation: null value in column "airline" of relation "departures" violates not-null constraint
DETAIL:  Failing row contains (1076, 2025-05-22 16:00:00, null, OIYY9406, تهران, پروازکرد17:03, 9, 2025-05-22 17:03:00, null, null, 6, f).

2025-06-03 13:19:51,752 - INFO - main - main - Successfully inserted/updated 0 flights from CSV file: ./a22.csv
