2025-06-03 13:36:02,050 - INFO - main - main - Using base date: 2025-05-29
2025-06-03 13:36:02,050 - INFO - main - main - Attempting to import flights from CSV: ./a29.csv
2025-06-03 13:36:12,784 - ERROR - database - insert_flights_from_dataframe - Database error inserting flight IRA1676: null value in column "status" of relation "departures" violates not-null constraint
DETAIL:  Failing row contains (11709, 2025-05-30 04:15:00, ایران ایر, IRA1676, جده, null, null, null, A300-600, 2025-05-31, 8, t).
. SQL was: 
                                INSERT INTO departures (
                                    scheduled_time, airline, flight_number, destination,
                                    status, counter, actual_time, register,
                                    aircraft, airport_id, is_international
                                ) VALUES ('2025-05-30T04:15:00'::timestamp, 'ایران ایر', 'IRA1676', 'جده', NULL, NULL, NULL, 'A300-600', '2025-05-31', 8, true)
                                ON CONFLICT (flight_number, scheduled_time, airport_id)
                                DO UPDATE SET
                                    status = EXCLUDED.status,
                                    counter = EXCLUDED.counter,
                                    actual_time = EXCLUDED.actual_time,
                                    register = EXCLUDED.register,
                                    aircraft = EXCLUDED.aircraft,
                                    is_international = EXCLUDED.is_international,
                                    destination = EXCLUDED.destination,
                                    airline = EXCLUDED.airline
                            
2025-06-03 13:36:12,785 - ERROR - database - insert_flights_from_csv - Error importing CSV file './a29.csv': null value in column "status" of relation "departures" violates not-null constraint
DETAIL:  Failing row contains (11709, 2025-05-30 04:15:00, ایران ایر, IRA1676, جده, null, null, null, A300-600, 2025-05-31, 8, t).
Traceback (most recent call last):
  File "/home/amin/CE/AeroScrape/src/database.py", line 392, in insert_flights_from_csv
    return self.insert_flights_from_dataframe(df, base_date)
           ^^^^^^^^^^^^^^^^^^^^^^^^^^^^^^^^^^^^^^^^^^^^^^^^^
  File "/home/amin/CE/AeroScrape/src/database.py", line 297, in insert_flights_from_dataframe
    cur.execute("""
psycopg2.errors.NotNullViolation: null value in column "status" of relation "departures" violates not-null constraint
DETAIL:  Failing row contains (11709, 2025-05-30 04:15:00, ایران ایر, IRA1676, جده, null, null, null, A300-600, 2025-05-31, 8, t).

2025-06-03 13:36:12,786 - INFO - main - main - Successfully inserted/updated 0 flights from CSV file: ./a29.csv
