2025-06-03 13:54:24,090 - INFO - main - main - Using base date: 2025-06-02
2025-06-03 13:54:24,090 - INFO - main - main - Attempting to import flights from CSV: ./02.csv
2025-06-03 13:54:28,279 - ERROR - database - insert_flights_from_dataframe - Database error inserting flight PRS4403: null value in column "status" of relation "departures" violates not-null constraint
DETAIL:  Failing row contains (18885, 2025-06-02 23:59:00, پارس, PRS4403, تهران, null, 2, null, null, CRJ200, 24, f).
. SQL was: 
                                INSERT INTO departures (
                                    scheduled_time, airline, flight_number, destination,
                                    status, counter, actual_time, register,
                                    aircraft, airport_id, is_international
                                ) VALUES ('2025-06-02T23:59:00'::timestamp, 'پارس', 'PRS4403', 'تهران', NULL, '2', NULL, NULL, 'CRJ200', 24, false)
                                ON CONFLICT (flight_number, scheduled_time, airport_id)
                                DO UPDATE SET
                                    status = EXCLUDED.status,
                                    counter = EXCLUDED.counter,
                                    actual_time = EXCLUDED.actual_time,
                                    register = EXCLUDED.register,
                                    aircraft = EXCLUDED.aircraft,
                                    is_international = EXCLUDED.is_international,
                                    destination = EXCLUDED.destination,
                                    airline = EXCLUDED.airline
                            
2025-06-03 13:54:28,279 - ERROR - database - insert_flights_from_csv - Error importing CSV file './02.csv': null value in column "status" of relation "departures" violates not-null constraint
DETAIL:  Failing row contains (18885, 2025-06-02 23:59:00, پارس, PRS4403, تهران, null, 2, null, null, CRJ200, 24, f).
Traceback (most recent call last):
  File "/home/amin/CE/AeroScrape/src/database.py", line 392, in insert_flights_from_csv
    return self.insert_flights_from_dataframe(df, base_date)
           ^^^^^^^^^^^^^^^^^^^^^^^^^^^^^^^^^^^^^^^^^^^^^^^^^
  File "/home/amin/CE/AeroScrape/src/database.py", line 297, in insert_flights_from_dataframe
    cur.execute("""
psycopg2.errors.NotNullViolation: null value in column "status" of relation "departures" violates not-null constraint
DETAIL:  Failing row contains (18885, 2025-06-02 23:59:00, پارس, PRS4403, تهران, null, 2, null, null, CRJ200, 24, f).

2025-06-03 13:54:28,280 - INFO - main - main - Successfully inserted/updated 0 flights from CSV file: ./02.csv
